Our company revenue grew 20 percent in Q3 2026, driven by strong sales performance.
